// Jest Snapshot v1, https://goo.gl/fbAQLP

exports[`Helpers index Exports expected helpers 1`] = `
Array [
  "extractSignature",
  "findByteRange",
  "pdfkitAddPlaceholder",
  "plainAddPlaceholder",
  "removeTrailingNewLine",
]
`;
